// Jest Snapshot v1, https://goo.gl/fbAQLP

exports[`ForecastSummary matches snapshot 1`] = `
<DocumentFragment>
  <div
    class="forecast-summary"
    data-testid="forecast-summary"
  >
    <h2
      class="forecast-summary__date"
    >
      Mon 30th Apr
    </h2>
    <p
      class="forecast-summary__description"
    >
      Clear
    </p>
    <i
      class="wi wi-day-sunny forecast-summary__icon"
      data-testid="forecast-summary-icon"
      name="owm"
    />
    <p
      class="forecast-summary__temperature"
    >
      11
    </p>
  </div>
</DocumentFragment>
`;
