// Jest Snapshot v1, https://goo.gl/fbAQLP

exports[`ForecastSummary matches snapshot 1`] = `
<DocumentFragment>
  <div
    class="forecast-summary"
    data-testid="forecast-summary"
  >
    <h2
      class="forecast-summary__date"
      data-testid="forecast-summary-date"
    >
      <span>
        Mon 30th Apr
      </span>
    </h2>
    <p
      class="forecast-summary__description"
      data-testid="forecast-summary-description"
    >
      Clear
    </p>
    <div
      class="weather-icon-component"
      data-testid="weather-icon-component"
    >
      <i
        class="wi wi-day-sunny"
        name="owm"
      />
    </div>
    <p
      class="forecast-summary__temperature"
      data-testid="forecast-summary-temperature"
    >
      <span>
        11
      </span>
      Â°C
    </p>
    <button
      class="shadow"
      type="button"
    >
      More details...
    </button>
  </div>
</DocumentFragment>
`;
